SET
SET
SET
SET
SET
SET
 set_config 
------------
 
(1 row)

SET
SET
SET
SET
COPY 9
COPY 7
COPY 0
COPY 1
COPY 158
COPY 1
COPY 0
COPY 2719
COPY 741
COPY 0
COPY 4
COPY 0
COPY 638
COPY 0
COPY 41
COPY 145
COPY 111
COPY 358
COPY 1422
COPY 4
COPY 302
COPY 8
COPY 5
COPY 6
COPY 976
COPY 0
COPY 202
COPY 710
COPY 399
COPY 487
COPY 793
COPY 0
COPY 0
COPY 2
COPY 420
COPY 0
COPY 139
COPY 0
COPY 161
COPY 215
COPY 5739
COPY 1790
COPY 0
COPY 0
COPY 23029
COPY 157
COPY 140
COPY 120
psql:final.sql:43518: ERROR:  missing data for column "time_end"
CONTEXT:  COPY wh_activity_log, line 950: "918	บันทึกการโหลด	2026-01-31	65015	MR.SAW KAW KA PAW HTOO (กอปอ)	A..."
