SET
SET
SET
SET
SET
SET
 set_config 
------------
 
(1 row)

SET
SET
SET
SET
psql:full.sql:26: ERROR:  schema "public" already exists
COMMENT
psql:full.sql:66: ERROR:  function "rls_auto_enable" already exists with same argument types
SET
SET
CREATE TABLE
CREATE TABLE
CREATE TABLE
CREATE SEQUENCE
ALTER SEQUENCE
CREATE TABLE
CREATE TABLE
CREATE SEQUENCE
ALTER SEQUENCE
CREATE TABLE
CREATE SEQUENCE
ALTER SEQUENCE
CREATE TABLE
CREATE SEQUENCE
ALTER SEQUENCE
CREATE TABLE
CREATE SEQUENCE
ALTER SEQUENCE
CREATE TABLE
CREATE SEQUENCE
ALTER SEQUENCE
CREATE TABLE
CREATE TABLE
CREATE SEQUENCE
ALTER SEQUENCE
CREATE TABLE
CREATE SEQUENCE
ALTER SEQUENCE
CREATE TABLE
CREATE SEQUENCE
ALTER SEQUENCE
CREATE TABLE
CREATE TABLE
CREATE TABLE
CREATE TABLE
CREATE SEQUENCE
ALTER SEQUENCE
CREATE TABLE
CREATE TABLE
COMMENT
COMMENT
COMMENT
CREATE TABLE
CREATE TABLE
CREATE TABLE
CREATE TABLE
CREATE TABLE
CREATE TABLE
CREATE TABLE
CREATE TABLE
CREATE TABLE
CREATE TABLE
CREATE SEQUENCE
ALTER SEQUENCE
CREATE TABLE
CREATE TABLE
CREATE VIEW
CREATE TABLE
CREATE SEQUENCE
ALTER SEQUENCE
CREATE TABLE
CREATE TABLE
CREATE SEQUENCE
ALTER SEQUENCE
CREATE TABLE
CREATE TABLE
CREATE TABLE
CREATE SEQUENCE
ALTER SEQUENCE
CREATE TABLE
CREATE SEQUENCE
ALTER SEQUENCE
CREATE TABLE
CREATE SEQUENCE
ALTER SEQUENCE
CREATE TABLE
CREATE SEQUENCE
ALTER SEQUENCE
CREATE TABLE
CREATE SEQUENCE
ALTER SEQUENCE
CREATE TABLE
CREATE SEQUENCE
ALTER SEQUENCE
CREATE TABLE
CREATE SEQUENCE
ALTER SEQUENCE
CREATE TABLE
CREATE SEQUENCE
ALTER SEQUENCE
CREATE TABLE
CREATE SEQUENCE
ALTER SEQUENCE
CREATE TABLE
CREATE SEQUENCE
ALTER SEQUENCE
CREATE TABLE
CREATE TABLE
CREATE SEQUENCE
ALTER SEQUENCE
CREATE TABLE
CREATE SEQUENCE
ALTER SEQUENCE
CREATE TABLE
CREATE TABLE
CREATE TABLE
CREATE TABLE
CREATE TABLE
CREATE SEQUENCE
ALTER SEQUENCE
CREATE TABLE
CREATE TABLE
ALTER TABLE
ALTER TABLE
ALTER TABLE
ALTER TABLE
ALTER TABLE
ALTER TABLE
ALTER TABLE
ALTER TABLE
ALTER TABLE
ALTER TABLE
ALTER TABLE
ALTER TABLE
ALTER TABLE
ALTER TABLE
ALTER TABLE
ALTER TABLE
ALTER TABLE
ALTER TABLE
ALTER TABLE
ALTER TABLE
ALTER TABLE
ALTER TABLE
ALTER TABLE
ALTER TABLE
ALTER TABLE
ALTER TABLE
COPY 9
COPY 7
COPY 0
COPY 1
COPY 158
COPY 1
COPY 0
COPY 2719
COPY 741
COPY 0
COPY 4
COPY 0
COPY 638
COPY 0
COPY 41
COPY 143
COPY 110
COPY 356
COPY 1407
COPY 4
COPY 302
COPY 8
COPY 5
COPY 6
COPY 975
COPY 0
COPY 202
COPY 711
COPY 399
COPY 487
COPY 793
COPY 0
COPY 0
COPY 2
COPY 420
COPY 0
COPY 139
COPY 0
COPY 161
COPY 5739
COPY 1790
COPY 215
COPY 0
COPY 0
COPY 23029
COPY 157
COPY 140
COPY 120
COPY 3995
COPY 1
COPY 5
COPY 6
COPY 0
COPY 0
COPY 0
COPY 104
 setval 
--------
      1
(1 row)

 setval 
--------
   7067
(1 row)

 setval 
--------
      1
(1 row)

 setval 
--------
      1
(1 row)

 setval  
---------
 4328633
(1 row)

 setval 
--------
    741
(1 row)

 setval 
--------
      9
(1 row)

 setval 
--------
      1
(1 row)

 setval 
--------
    638
(1 row)

 setval 
--------
    170
(1 row)

 setval 
--------
  19316
(1 row)

 setval 
--------
    826
(1 row)

 setval 
--------
      1
(1 row)

 setval 
--------
    139
(1 row)

 setval 
--------
      1
(1 row)

 setval 
--------
    209
(1 row)

 setval 
--------
  20608
(1 row)

 setval 
--------
  15276
(1 row)

 setval 
--------
    782
(1 row)

 setval 
--------
     29
(1 row)

 setval 
--------
      6
(1 row)

 setval 
--------
  41528
(1 row)

 setval 
--------
   6098
(1 row)

 setval 
--------
    140
(1 row)

 setval 
--------
   3995
(1 row)

 setval 
--------
      1
(1 row)

ALTER TABLE
ALTER TABLE
ALTER TABLE
ALTER TABLE
ALTER TABLE
ALTER TABLE
ALTER TABLE
ALTER TABLE
ALTER TABLE
ALTER TABLE
ALTER TABLE
ALTER TABLE
ALTER TABLE
ALTER TABLE
ALTER TABLE
ALTER TABLE
ALTER TABLE
ALTER TABLE
ALTER TABLE
ALTER TABLE
ALTER TABLE
ALTER TABLE
ALTER TABLE
ALTER TABLE
ALTER TABLE
ALTER TABLE
ALTER TABLE
ALTER TABLE
ALTER TABLE
ALTER TABLE
ALTER TABLE
ALTER TABLE
ALTER TABLE
ALTER TABLE
ALTER TABLE
ALTER TABLE
ALTER TABLE
ALTER TABLE
ALTER TABLE
ALTER TABLE
ALTER TABLE
ALTER TABLE
ALTER TABLE
ALTER TABLE
ALTER TABLE
ALTER TABLE
ALTER TABLE
ALTER TABLE
ALTER TABLE
ALTER TABLE
ALTER TABLE
ALTER TABLE
ALTER TABLE
ALTER TABLE
ALTER TABLE
ALTER TABLE
ALTER TABLE
ALTER TABLE
ALTER TABLE
ALTER TABLE
ALTER TABLE
ALTER TABLE
ALTER TABLE
ALTER TABLE
ALTER TABLE
CREATE INDEX
CREATE INDEX
CREATE INDEX
CREATE INDEX
CREATE INDEX
CREATE INDEX
CREATE INDEX
CREATE INDEX
CREATE INDEX
CREATE INDEX
CREATE INDEX
CREATE INDEX
CREATE INDEX
CREATE INDEX
CREATE INDEX
CREATE INDEX
CREATE INDEX
CREATE INDEX
CREATE INDEX
CREATE INDEX
CREATE INDEX
CREATE INDEX
CREATE INDEX
CREATE INDEX
CREATE INDEX
CREATE INDEX
CREATE INDEX
CREATE INDEX
CREATE INDEX
CREATE INDEX
CREATE INDEX
CREATE INDEX
CREATE INDEX
CREATE INDEX
CREATE INDEX
ALTER TABLE
ALTER TABLE
ALTER TABLE
ALTER TABLE
CREATE POLICY
CREATE POLICY
CREATE POLICY
CREATE POLICY
CREATE POLICY
CREATE POLICY
CREATE POLICY
CREATE POLICY
CREATE POLICY
CREATE POLICY
CREATE POLICY
CREATE POLICY
CREATE POLICY
CREATE POLICY
CREATE POLICY
CREATE POLICY
CREATE POLICY
CREATE POLICY
CREATE POLICY
CREATE POLICY
CREATE POLICY
CREATE POLICY
CREATE POLICY
CREATE POLICY
CREATE POLICY
CREATE POLICY
CREATE POLICY
CREATE POLICY
CREATE POLICY
CREATE POLICY
CREATE POLICY
CREATE POLICY
CREATE POLICY
CREATE POLICY
CREATE POLICY
CREATE POLICY
CREATE POLICY
CREATE POLICY
CREATE POLICY
CREATE POLICY
CREATE POLICY
CREATE POLICY
CREATE POLICY
CREATE POLICY
CREATE POLICY
CREATE POLICY
CREATE POLICY
ALTER TABLE
CREATE POLICY
CREATE POLICY
CREATE POLICY
CREATE POLICY
CREATE POLICY
ALTER TABLE
ALTER TABLE
CREATE POLICY
ALTER TABLE
ALTER TABLE
ALTER TABLE
ALTER TABLE
CREATE POLICY
ALTER TABLE
CREATE POLICY
ALTER TABLE
ALTER TABLE
ALTER TABLE
CREATE POLICY
ALTER TABLE
CREATE POLICY
ALTER TABLE
CREATE POLICY
ALTER TABLE
CREATE POLICY
ALTER TABLE
ALTER TABLE
ALTER TABLE
ALTER TABLE
ALTER TABLE
CREATE POLICY
ALTER TABLE
CREATE POLICY
ALTER TABLE
CREATE POLICY
ALTER TABLE
CREATE POLICY
ALTER TABLE
CREATE POLICY
ALTER TABLE
CREATE POLICY
ALTER TABLE
ALTER TABLE
ALTER TABLE
CREATE POLICY
ALTER TABLE
ALTER TABLE
CREATE POLICY
ALTER TABLE
ALTER TABLE
ALTER TABLE
ALTER TABLE
CREATE POLICY
ALTER TABLE
CREATE POLICY
CREATE POLICY
CREATE POLICY
ALTER TABLE
ALTER TABLE
ALTER TABLE
ALTER TABLE
CREATE POLICY
ALTER TABLE
ALTER TABLE
ALTER TABLE
ALTER TABLE
ALTER TABLE
ALTER TABLE
ALTER TABLE
ALTER TABLE
CREATE POLICY
ALTER TABLE
ALTER TABLE
ALTER TABLE
ALTER TABLE
ALTER TABLE
ALTER TABLE
ALTER TABLE
ALTER TABLE
CREATE POLICY
ALTER TABLE
GRANT
GRANT
GRANT
GRANT
GRANT
GRANT
GRANT
GRANT
GRANT
GRANT
GRANT
GRANT
GRANT
GRANT
GRANT
GRANT
GRANT
GRANT
GRANT
GRANT
GRANT
GRANT
GRANT
GRANT
GRANT
GRANT
GRANT
GRANT
GRANT
GRANT
GRANT
GRANT
GRANT
GRANT
GRANT
GRANT
GRANT
GRANT
GRANT
GRANT
GRANT
GRANT
GRANT
GRANT
GRANT
GRANT
GRANT
GRANT
GRANT
GRANT
GRANT
GRANT
GRANT
GRANT
GRANT
GRANT
GRANT
GRANT
GRANT
GRANT
GRANT
GRANT
GRANT
GRANT
GRANT
GRANT
GRANT
GRANT
GRANT
GRANT
GRANT
GRANT
GRANT
GRANT
GRANT
GRANT
GRANT
GRANT
GRANT
GRANT
GRANT
GRANT
GRANT
GRANT
GRANT
GRANT
GRANT
GRANT
GRANT
GRANT
GRANT
GRANT
GRANT
GRANT
GRANT
GRANT
GRANT
GRANT
GRANT
GRANT
GRANT
GRANT
GRANT
GRANT
GRANT
GRANT
GRANT
GRANT
GRANT
GRANT
GRANT
GRANT
GRANT
GRANT
GRANT
GRANT
GRANT
GRANT
GRANT
GRANT
GRANT
GRANT
GRANT
GRANT
GRANT
GRANT
GRANT
GRANT
GRANT
GRANT
GRANT
GRANT
GRANT
GRANT
GRANT
GRANT
GRANT
GRANT
GRANT
GRANT
GRANT
GRANT
GRANT
GRANT
GRANT
GRANT
GRANT
GRANT
GRANT
GRANT
GRANT
GRANT
GRANT
GRANT
GRANT
GRANT
GRANT
GRANT
GRANT
GRANT
GRANT
GRANT
GRANT
GRANT
GRANT
GRANT
GRANT
GRANT
GRANT
GRANT
GRANT
GRANT
GRANT
GRANT
GRANT
GRANT
GRANT
GRANT
GRANT
GRANT
GRANT
GRANT
GRANT
GRANT
GRANT
GRANT
GRANT
GRANT
GRANT
GRANT
GRANT
GRANT
GRANT
GRANT
GRANT
GRANT
GRANT
GRANT
GRANT
GRANT
GRANT
GRANT
GRANT
GRANT
GRANT
GRANT
GRANT
GRANT
GRANT
GRANT
GRANT
GRANT
GRANT
GRANT
GRANT
GRANT
GRANT
GRANT
GRANT
GRANT
GRANT
GRANT
GRANT
GRANT
GRANT
GRANT
GRANT
GRANT
GRANT
GRANT
GRANT
GRANT
GRANT
GRANT
GRANT
GRANT
GRANT
ALTER DEFAULT PRIVILEGES
psql:full.sql:51143: ERROR:  permission denied to change default privileges
psql:full.sql:51144: ERROR:  permission denied to change default privileges
psql:full.sql:51145: ERROR:  permission denied to change default privileges
psql:full.sql:51146: ERROR:  permission denied to change default privileges
ALTER DEFAULT PRIVILEGES
psql:full.sql:51160: ERROR:  permission denied to change default privileges
psql:full.sql:51161: ERROR:  permission denied to change default privileges
psql:full.sql:51162: ERROR:  permission denied to change default privileges
psql:full.sql:51163: ERROR:  permission denied to change default privileges
ALTER DEFAULT PRIVILEGES
ALTER DEFAULT PRIVILEGES
ALTER DEFAULT PRIVILEGES
ALTER DEFAULT PRIVILEGES
psql:full.sql:51180: ERROR:  permission denied to change default privileges
psql:full.sql:51181: ERROR:  permission denied to change default privileges
psql:full.sql:51182: ERROR:  permission denied to change default privileges
psql:full.sql:51183: ERROR:  permission denied to change default privileges
